// Jest Snapshot v1, https://goo.gl/fbAQLP

exports[`Dialog molecule Matches the snapshot 1`] = `
<div
  className="dialog-container info"
>
  <div
    className="icon-bar"
  >
    <i
      data-feather="alert-circle"
    />
  </div>
  <div
    className="info-content"
  >
    <p>
      <strong>
        A title
      </strong>
    </p>
    <p>
      <span
        className="dialog-text"
      >
        Some text
      </span>
    </p>
  </div>
</div>
`;
