// Jest Snapshot v1, https://goo.gl/fbAQLP

exports[`Dropdown component Matches the snapshot 1`] = `
<div
  className="dropdown-component-wrapper"
>
  <div
    className="dropdown-interactive-area"
    onClick={[Function]}
  >
    <input
      className=""
      disabled={true}
      id="da75a4ab-5e04-4bc6-b749-8d9f93b29e1a"
      onChange={[Function]}
      placeholder="-- Select --"
      value=""
    />
  </div>
</div>
`;
