// Jest Snapshot v1, https://goo.gl/fbAQLP

exports[`Dropdown component Matches the snapshot 1`] = `
<div
  className="dropdown-component-wrapper"
>
  <div
    className="dropdown-interactive-area"
    onClick={[Function]}
  >
    <input
      className=""
      disabled={true}
      id="e42cf2a7-709f-4c2f-b35c-6a5318dc1af8"
      onChange={[Function]}
      placeholder="-- Select --"
      value=""
    />
  </div>
</div>
`;
