// Jest Snapshot v1, https://goo.gl/fbAQLP

exports[`Input component Matches the snapshot 1`] = `
<div
  className="input-field-wrapper standard"
>
  <label
    htmlFor="839b72c7-53a6-4af1-804d-e38738fcf497"
  >
    Input field
  </label>
  <div
    className="d-flex"
  >
    <input
      className=""
      disabled={false}
      id="839b72c7-53a6-4af1-804d-e38738fcf497"
      onChange={[Function]}
      type="text"
    />
  </div>
</div>
`;
