// Jest Snapshot v1, https://goo.gl/fbAQLP

exports[`Input component Matches the snapshot 1`] = `
<div
  className="input-field-wrapper"
>
  <input
    disabled={false}
    id="c1c5692e-4e3f-40fc-b4a0-98bd5d50d5e2"
    onChange={[Function]}
    type="text"
  />
  <label
    className="undefined"
    htmlFor="c1c5692e-4e3f-40fc-b4a0-98bd5d50d5e2"
  >
    Input field
  </label>
</div>
`;
