// Jest Snapshot v1, https://goo.gl/fbAQLP

exports[`Input component Matches the snapshot 1`] = `
<div
  className="input-field-wrapper"
>
  <input
    disabled={false}
    id="81c47a50-10af-4fed-85ae-7bf531b4c755"
    onChange={[Function]}
    type="text"
  />
  <label
    className="undefined"
    htmlFor="81c47a50-10af-4fed-85ae-7bf531b4c755"
  >
    Input field
  </label>
</div>
`;
